C:\Users\Aloncho\Documents\MCUXpressoIDE_24.12.148\workspace\frdmrw612_lwip_mqtt_freertos\drivers/fsl_gpio.h:153:20:GPIO_PinWrite	24	static
C:\Users\Aloncho\Documents\MCUXpressoIDE_24.12.148\workspace\frdmrw612_lwip_mqtt_freertos\drivers/fsl_io_mux.h:1579:20:IO_MUX_SetPinMux	32	static
../board/hardware_init.c:23:6:BOARD_InitModuleClock	8	static
../board/hardware_init.c:29:13:MDIO_Init	16	static
../board/hardware_init.c:38:17:MDIO_Write	16	static
../board/hardware_init.c:43:17:MDIO_Read	16	static
../board/hardware_init.c:48:6:BOARD_InitHardware	40	static
