../source/mdns.c:222:1:netif_mdns_data	16	static
../source/mdns.c:232:1:get_mdns_pcb	4	static
../source/mdns.c:246:1:check_host	296	static
../source/mdns.c:313:1:check_service	288	static
../source/mdns.c:360:1:check_request	288	static
../source/mdns.c:400:1:mdns_read_rr_info	24	static
../source/mdns.c:434:1:mdns_read_question	24	static
../source/mdns.c:470:1:mdns_read_answer	40	static
../source/mdns.c:526:1:mdns_announce	72	static
../source/mdns.c:575:1:mdns_lexicographical_comparison	568	static
../source/mdns.c:716:1:mdns_init_answer_list	24	static
../source/mdns.c:737:1:mdns_push_answer_to_sorted_list	344	static
../source/mdns.c:794:1:mdns_is_answer_to_question	16	static
../source/mdns.c:812:1:mdns_convert_out_to_in_pkt	16	static
../source/mdns.c:830:1:mdns_debug_print_answer	240	static
../source/mdns.c:857:1:mdns_handle_probe_tiebreaking	1576	static
../source/mdns.c:1075:1:mdns_parse_pkt_questions	312	static
../source/mdns.c:1124:1:mdns_parse_pkt_known_answers	872	static
../source/mdns.c:1297:1:mdns_parse_pkt_authoritative_answers	336	static
../source/mdns.c:1357:1:mdns_add_msg_to_delayed	24	static
../source/mdns.c:1387:1:mdns_handle_question	88	static
../source/mdns.c:1703:1:mdns_handle_tc_question	32	static
../source/mdns.c:1739:1:mdns_conflict_save_time	40	static
../source/mdns.c:1779:1:mdns_probe_conflict	16	static
../source/mdns.c:1799:1:mdns_lookup_request	24	static
../source/mdns.c:1822:1:mdns_handle_response	1152	static
../source/mdns.c:2079:1:mdns_recv	120	static
../source/mdns.c:2200:1:mdns_netif_ext_status_callback	24	static
../source/mdns.c:2229:1:mdns_define_probe_rrs_to_send	32	static
../source/mdns.c:2270:1:mdns_send_probe	64	static
../source/mdns.c:2286:1:mdns_probe_and_announce	32	static
../source/mdns.c:2368:1:mdns_resp_add_netif	32	static
../source/mdns.c:2430:1:mdns_resp_remove_netif	32	static
../source/mdns.c:2472:1:mdns_resp_rename_netif	24	static
../source/mdns.c:2499:1:mdns_resp_netif_active	16	static
../source/mdns.c:2519:1:mdns_resp_add_service	48	static
../source/mdns.c:2566:1:mdns_resp_del_service	24	static
../source/mdns.c:2591:1:mdns_resp_rename_service	40	static
../source/mdns.c:2626:1:mdns_resp_add_service_txtitem	24	static
../source/mdns.c:2642:1:mdns_search_stop	24	static
../source/mdns.c:2667:1:mdns_search_service	40	static
../source/mdns.c:2721:1:mdns_resp_announce	24	static
../source/mdns.c:2752:1:mdns_resp_register_name_result_cb	16	static
../source/mdns.c:2765:1:mdns_resp_restart_delay	24	static
../source/mdns.c:2801:1:mdns_resp_restart	16	static
../source/mdns.c:2811:1:mdns_resp_init	16	static
../source/mdns.c:2846:7:mdns_get_service_txt_userdata	24	static
