../source/mdns_out.c:63:1:mdns_prepare_txtdata	16	static
../source/mdns_out.c:84:1:mdns_add_question	32	static
../source/mdns_out.c:153:1:mdns_add_answer	48	static
../source/mdns_out.c:228:1:mdns_add_any_host_question	296	static
../source/mdns_out.c:241:1:mdns_add_any_service_question	296	static
../source/mdns_out.c:255:1:mdns_add_a_answer	328	static
../source/mdns_out.c:286:1:mdns_add_hostv4_ptr_answer	576	static
../source/mdns_out.c:319:1:mdns_add_aaaa_answer	328	static
../source/mdns_out.c:350:1:mdns_add_hostv6_ptr_answer	584	static
../source/mdns_out.c:382:1:mdns_add_servicetype_ptr_answer	576	static
../source/mdns_out.c:413:1:mdns_add_servicename_ptr_answer	576	static
../source/mdns_out.c:444:1:mdns_add_srv_answer	592	static
../source/mdns_out.c:485:1:mdns_add_txt_answer	328	static
../source/mdns_out.c:517:1:mdns_add_probe_questions_to_outpacket	40	static
../source/mdns_out.c:551:1:mdns_add_query_question_to_outpacket	296	static
../source/mdns_out.c:578:1:mdns_create_outpacket	64	static
../source/mdns_out.c:763:1:mdns_send_outpacket	88	static
../source/mdns_out.c:813:1:mdns_multicast_timeout_reset_ipv4	24	static
../source/mdns_out.c:830:1:mdns_multicast_probe_timeout_reset_ipv4	32	static
../source/mdns_out.c:861:1:mdns_multicast_timeout_25ttl_reset_ipv4	24	static
../source/mdns_out.c:877:1:mdns_send_multicast_msg_delayed_ipv4	32	static
../source/mdns_out.c:901:1:mdns_send_unicast_msg_delayed_ipv4	32	static
../source/mdns_out.c:927:1:mdns_start_multicast_timeouts_ipv4	24	static
../source/mdns_out.c:950:1:mdns_multicast_timeout_reset_ipv6	24	static
../source/mdns_out.c:967:1:mdns_multicast_probe_timeout_reset_ipv6	32	static
../source/mdns_out.c:998:1:mdns_multicast_timeout_25ttl_reset_ipv6	24	static
../source/mdns_out.c:1014:1:mdns_send_multicast_msg_delayed_ipv6	32	static
../source/mdns_out.c:1038:1:mdns_send_unicast_msg_delayed_ipv6	32	static
../source/mdns_out.c:1064:1:mdns_start_multicast_timeouts_ipv6	24	static
../source/mdns_out.c:1088:1:mdns_clear_outmsg	24	static
../source/mdns_out.c:1119:1:mdns_set_timeout	24	static
../source/mdns_out.c:1143:1:mdns_send_request	72	static
